   Compiling fee-tier-probe v0.1.0 (/mnt/c/Users/hp/Documents/naclac-fw/examples/pump-fun-program/reference/fee-tier-probe)
    Finished `dev` profile [unoptimized + debuginfo] target(s) in 2m 09s
     Running `/mnt/d/naclac-fw/examples/pump-fun-program/reference/fee-tier-probe/target/debug/probe65`
initial_marker (buyback_fee_recipients[8] before any call) = 11157t3sqMV725NVRLrVQbAu98Jjfk1uCKehJnXXQs

=== Call 1: Some(5000), 0 accounts ===
  buyback_basis_points arg = Some(5000)
  remaining_accounts count = 0
  RESULT: SUCCESS (9175 CU)
  LOG: Program log: Instruction: UpdateBuybackConfig
  Global.buyback_basis_points after call = 5000
  Global.buyback_fee_recipients after call = [11157t3sqMV725NVRLrVQbAu98Jjfk1uCKehJnXXQs, 11157t3sqMV725NVRLrVQbAu98Jjfk1uCKehJnXXQs, 11157t3sqMV725NVRLrVQbAu98Jjfk1uCKehJnXXQs, 11157t3sqMV725NVRLrVQbAu98Jjfk1uCKehJnXXQs, 11157t3sqMV725NVRLrVQbAu98Jjfk1uCKehJnXXQs, 11157t3sqMV725NVRLrVQbAu98Jjfk1uCKehJnXXQs, 11157t3sqMV725NVRLrVQbAu98Jjfk1uCKehJnXXQs, 11157t3sqMV725NVRLrVQbAu98Jjfk1uCKehJnXXQs]

marker_new (8 accounts for call 2):
  [0] 1117mWrzzrZr312ebPDHu8tbfMwFNvCvMbr6WepCNG
  [1] 1119DWteoLSdjvrT6g6L8C2PfDD2faiTQUpsjY2RiF
  [2] 111BuZ6b86gm7XhxjvTakhRvxSMjXp2GqgifkNUmDK
  [3] 111FJo4zLAGU9nzTWa6EnbV4VAmtG4FR8kcokrtZYr
  [4] 111JV6iBiRLoJUtNieRJ9QmcpE2KPE3gLpDzAUkbNW
  [5] 111MqiH3tDg8KtkQYkCteems4APA9GgUsEFQavs8Vb
  [6] 111Q7zKqw7vEw6U5Mf3qDU1UrV3MRubjPcCrT1QftA
  [7] 111S1d9dJA6NS2j95MQ7A2eDjAgdAKXDjvxQg5d8pa

=== Call 2: Some(7777), 8 accounts (marker_new) ===
  buyback_basis_points arg = Some(7777)
  remaining_accounts count = 8
  RESULT: SUCCESS (12383 CU)
  LOG: Program log: Instruction: UpdateBuybackConfig
  Global.buyback_basis_points after call = 7777
  Global.buyback_fee_recipients after call = [1117mWrzzrZr312ebPDHu8tbfMwFNvCvMbr6WepCNG, 1119DWteoLSdjvrT6g6L8C2PfDD2faiTQUpsjY2RiF, 111BuZ6b86gm7XhxjvTakhRvxSMjXp2GqgifkNUmDK, 111FJo4zLAGU9nzTWa6EnbV4VAmtG4FR8kcokrtZYr, 111JV6iBiRLoJUtNieRJ9QmcpE2KPE3gLpDzAUkbNW, 111MqiH3tDg8KtkQYkCteems4APA9GgUsEFQavs8Vb, 111Q7zKqw7vEw6U5Mf3qDU1UrV3MRubjPcCrT1QftA, 111S1d9dJA6NS2j95MQ7A2eDjAgdAKXDjvxQg5d8pa]

=== Call 3: None, 0 accounts ===
  buyback_basis_points arg = None
  remaining_accounts count = 0
  RESULT: SUCCESS (9154 CU)
  LOG: Program log: Instruction: UpdateBuybackConfig
  Global.buyback_basis_points after call = 7777
  Global.buyback_fee_recipients after call = [1117mWrzzrZr312ebPDHu8tbfMwFNvCvMbr6WepCNG, 1119DWteoLSdjvrT6g6L8C2PfDD2faiTQUpsjY2RiF, 111BuZ6b86gm7XhxjvTakhRvxSMjXp2GqgifkNUmDK, 111FJo4zLAGU9nzTWa6EnbV4VAmtG4FR8kcokrtZYr, 111JV6iBiRLoJUtNieRJ9QmcpE2KPE3gLpDzAUkbNW, 111MqiH3tDg8KtkQYkCteems4APA9GgUsEFQavs8Vb, 111Q7zKqw7vEw6U5Mf3qDU1UrV3MRubjPcCrT1QftA, 111S1d9dJA6NS2j95MQ7A2eDjAgdAKXDjvxQg5d8pa]

marker_new2 (8 accounts for call 4):
  [0] 111V4D5zGGPzhpX2QHduCfQfYQLv3gY5jrvGPnWRff
  [1] 111WRtzL16SDQNnFFxBJDWKZnYSrdmM9rjhXo9crV4
  [2] 111Z2YbPrTE3EhHpdvGFTigK6na4wBLdN3QjS5FXrL
  [3] 111buTJDRoVnAuqg2RiXyiYFLbyHXBXSuEjLFdarkn
  [4] 111fcLTw6cc4kfAF9UhCriFQVbAMbL5WGR2Fn9G5eR
  [5] 111gbUgQk1ZFzZAQ2u4VePsUmmbjvubFCb4fwnFfhB
  [6] 111kAcRukyCJ5njHnNgVhxHgU8GNcVY2fEUtzC9kcf
  [7] 111nsfrnL7NwUjsqEJscfSDLfzgSfKBcRQyUF5e2oa

=== Call 4: None, 8 accounts (marker_new2) ===
  buyback_basis_points arg = None
  remaining_accounts count = 8
  RESULT: SUCCESS (12362 CU)
  LOG: Program log: Instruction: UpdateBuybackConfig
  Global.buyback_basis_points after call = 7777
  Global.buyback_fee_recipients after call = [111V4D5zGGPzhpX2QHduCfQfYQLv3gY5jrvGPnWRff, 111WRtzL16SDQNnFFxBJDWKZnYSrdmM9rjhXo9crV4, 111Z2YbPrTE3EhHpdvGFTigK6na4wBLdN3QjS5FXrL, 111buTJDRoVnAuqg2RiXyiYFLbyHXBXSuEjLFdarkn, 111fcLTw6cc4kfAF9UhCriFQVbAMbL5WGR2Fn9G5eR, 111gbUgQk1ZFzZAQ2u4VePsUmmbjvubFCb4fwnFfhB, 111kAcRukyCJ5njHnNgVhxHgU8GNcVY2fEUtzC9kcf, 111nsfrnL7NwUjsqEJscfSDLfzgSfKBcRQyUF5e2oa]

=== Call 5: Some(1), 3 accounts (expect failure) ===
  buyback_basis_points arg = Some(1)
  remaining_accounts count = 3
  RESULT: FAILED: InstructionError(1, Custom(6061))
  LOG: Program log: Instruction: UpdateBuybackConfig
  LOG: Program log: AnchorError thrown in programs/pump/src/set_reserved_fee_recipients.rs:121. Error Code: WrongBuybackFeeRecipientsCount. Error Number: 6061. Error Message: buyback fee recipients require exactly 8 remaining accounts (or none).
  Global.buyback_basis_points after call = 7777
  Global.buyback_fee_recipients after call = [111V4D5zGGPzhpX2QHduCfQfYQLv3gY5jrvGPnWRff, 111WRtzL16SDQNnFFxBJDWKZnYSrdmM9rjhXo9crV4, 111Z2YbPrTE3EhHpdvGFTigK6na4wBLdN3QjS5FXrL, 111buTJDRoVnAuqg2RiXyiYFLbyHXBXSuEjLFdarkn, 111fcLTw6cc4kfAF9UhCriFQVbAMbL5WGR2Fn9G5eR, 111gbUgQk1ZFzZAQ2u4VePsUmmbjvubFCb4fwnFfhB, 111kAcRukyCJ5njHnNgVhxHgU8GNcVY2fEUtzC9kcf, 111nsfrnL7NwUjsqEJscfSDLfzgSfKBcRQyUF5e2oa]

